9/15/2026, 9:03:59 PM GMT+2 [Modules] Modules initializing
9/15/2026, 9:03:59 PM GMT+2 [Modules] Distribution: remote
9/15/2026, 9:03:59 PM GMT+2 [Modules] Host updates: disabled
9/15/2026, 9:03:59 PM GMT+2 [Modules] Module updates: enabled
9/15/2026, 9:03:59 PM GMT+2 [Modules] Module install path: /home/wef/.config/discordptb/1.0.191/modules
9/15/2026, 9:03:59 PM GMT+2 [Modules] Module installed file path: /home/wef/.config/discordptb/1.0.191/modules/installed.json
9/15/2026, 9:03:59 PM GMT+2 [Modules] Module download path: /home/wef/.config/discordptb/1.0.191/modules/pending
9/15/2026, 9:03:59 PM GMT+2 [Modules] No updates to install
9/15/2026, 9:03:59 PM GMT+2 [Modules] Host is up to date.
9/15/2026, 9:03:59 PM GMT+2 [Modules] Checking for module updates at https://discord.com/api/modules/ptb/versions.json
9/15/2026, 9:04:00 PM GMT+2 [Modules] No module updates available.
9/15/2026, 9:04:46 PM GMT+2 [Modules] Host is up to date.
9/15/2026, 9:04:46 PM GMT+2 [Modules] Checking for module updates at https://discord.com/api/modules/ptb/versions.json
9/15/2026, 9:04:46 PM GMT+2 [Modules] No module updates available.
9/15/2026, 10:04:46 PM GMT+2 [Modules] Host is up to date.
9/15/2026, 10:04:46 PM GMT+2 [Modules] Checking for module updates at https://discord.com/api/modules/ptb/versions.json
9/15/2026, 10:04:46 PM GMT+2 [Modules] No module updates available.
9/16/2026, 5:28:36 PM GMT+2 [Modules] Host is up to date.
9/16/2026, 5:28:36 PM GMT+2 [Modules] Checking for module updates at https://discord.com/api/modules/ptb/versions.json
9/16/2026, 5:28:36 PM GMT+2 [Modules] No module updates available.
9/16/2026, 6:28:38 PM GMT+2 [Modules] Host is up to date.
9/16/2026, 6:28:38 PM GMT+2 [Modules] Checking for module updates at https://discord.com/api/modules/ptb/versions.json
9/16/2026, 6:28:38 PM GMT+2 [Modules] No module updates available.
9/16/2026, 7:28:38 PM GMT+2 [Modules] Host is up to date.
9/16/2026, 7:28:38 PM GMT+2 [Modules] Checking for module updates at https://discord.com/api/modules/ptb/versions.json
9/16/2026, 7:28:38 PM GMT+2 [Modules] No module updates available.
9/16/2026, 8:28:38 PM GMT+2 [Modules] Host is up to date.
9/16/2026, 8:28:38 PM GMT+2 [Modules] Checking for module updates at https://discord.com/api/modules/ptb/versions.json
9/16/2026, 8:28:39 PM GMT+2 [Modules] No module updates available.
9/17/2026, 1:13:56 PM GMT+2 [Modules] Host is up to date.
9/17/2026, 1:13:56 PM GMT+2 [Modules] Checking for module updates at https://discord.com/api/modules/ptb/versions.json
9/17/2026, 1:13:57 PM GMT+2 [Modules] No module updates available.
9/17/2026, 8:42:14 PM GMT+2 [Modules] Host is up to date.
9/17/2026, 8:42:14 PM GMT+2 [Modules] Checking for module updates at https://discord.com/api/modules/ptb/versions.json
9/17/2026, 8:42:14 PM GMT+2 [Modules] No module updates available.
