2026-08-31 17:52:55 Loaded main app package /nix/store/z5ssbjshymkg9v48p8hvjaddb5b2hfi1-obsidian-1.13.4/share/obsidian/obsidian.asar
2026-08-31 17:52:56 Checking for update using Github
2026-08-31 17:52:56 Success.
2026-08-31 17:52:56 Latest version is 1.13.7
2026-08-31 17:52:56 Downloading update from https://github.com/obsidianmd/obsidian-releases/releases/download/v1.13.7/obsidian-1.13.7.asar.gz
2026-08-31 17:52:57 Verifying hash & signature. Size= 8773048
2026-08-31 17:52:57 Saving file
2026-08-31 17:52:57 Update complete.
2026-08-31 17:54:45 Loaded updated app /home/wef/.config/obsidian/obsidian-1.13.7.asar
2026-08-31 17:54:45 Checking for update using Github
2026-08-31 17:54:45 Success.
2026-08-31 17:54:45 Latest version is 1.13.7
2026-08-31 17:54:45 App is up to date.
2026-09-02 16:23:37 Loaded updated app /home/wef/.config/obsidian/obsidian-1.13.7.asar
2026-09-02 16:23:37 Checking for update using Github
2026-09-02 16:23:37 Success.
2026-09-02 16:23:37 Latest version is 1.13.7
2026-09-02 16:23:37 App is up to date.
2026-09-02 22:48:17 Loaded updated app /home/wef/.config/obsidian/obsidian-1.13.7.asar
2026-09-02 22:48:18 Checking for update using Github
2026-09-02 22:48:18 Success.
2026-09-02 22:48:18 Latest version is 1.13.7
2026-09-02 22:48:18 App is up to date.
2026-09-02 22:49:26 Loaded updated app /home/wef/.config/obsidian/obsidian-1.13.7.asar
2026-09-02 22:49:27 Checking for update using Github
2026-09-02 22:49:27 Success.
2026-09-02 22:49:27 Latest version is 1.13.7
2026-09-02 22:49:27 App is up to date.
2026-09-03 14:42:12 Loaded updated app /home/wef/.config/obsidian/obsidian-1.13.7.asar
2026-09-03 14:42:12 Checking for update using Github
2026-09-04 18:24:35 Loaded updated app /home/wef/.config/obsidian/obsidian-1.13.7.asar
2026-09-04 18:24:35 Checking for update using Github
2026-09-04 18:24:35 Success.
2026-09-04 18:24:35 Latest version is 1.13.7
2026-09-04 18:24:35 App is up to date.
2026-09-04 18:24:42 Loaded updated app /home/wef/.config/obsidian/obsidian-1.13.7.asar
2026-09-04 18:24:42 Checking for update using Github
2026-09-04 18:24:42 Success.
2026-09-04 18:24:42 Latest version is 1.13.7
2026-09-04 18:24:42 App is up to date.
2026-09-04 18:25:09 Loaded updated app /home/wef/.config/obsidian/obsidian-1.13.7.asar
2026-09-04 18:25:09 Checking for update using Github
2026-09-04 18:25:09 Success.
2026-09-04 18:25:09 Latest version is 1.13.7
2026-09-04 18:25:09 App is up to date.
2026-09-04 18:44:45 Loaded updated app /home/wef/.config/obsidian/obsidian-1.13.7.asar
2026-09-04 18:44:45 Checking for update using Github
2026-09-04 18:44:46 Success.
2026-09-04 18:44:46 Latest version is 1.13.7
2026-09-04 18:44:46 App is up to date.
2026-09-04 20:04:06 Loaded updated app /home/wef/.config/obsidian/obsidian-1.13.7.asar
2026-09-04 20:04:06 Checking for update using Github
2026-09-04 20:04:07 Success.
2026-09-04 20:04:07 Latest version is 1.13.7
2026-09-04 20:04:07 App is up to date.
2026-09-05 10:58:57 Loaded updated app /home/wef/.config/obsidian/obsidian-1.13.7.asar
2026-09-05 10:58:57 Checking for update using Github
2026-09-05 10:58:57 Success.
2026-09-05 10:58:57 Latest version is 1.13.7
2026-09-05 10:58:57 App is up to date.
2026-09-05 12:36:11 Loaded updated app /home/wef/.config/obsidian/obsidian-1.13.7.asar
2026-09-05 12:36:11 Checking for update using Github
2026-09-05 12:36:11 Success.
2026-09-05 12:36:11 Latest version is 1.13.7
2026-09-05 12:36:11 App is up to date.
2026-09-05 13:36:11 Checking for update using Github
2026-09-05 13:36:11 Success.
2026-09-05 13:36:11 Latest version is 1.13.7
2026-09-05 13:36:11 App is up to date.
2026-09-05 14:36:11 Checking for update using Github
2026-09-05 14:36:11 Success.
2026-09-05 14:36:11 Latest version is 1.13.7
2026-09-05 14:36:11 App is up to date.
2026-09-05 15:36:11 Checking for update using Github
2026-09-05 15:36:11 Success.
2026-09-05 15:36:11 Latest version is 1.13.7
2026-09-05 15:36:11 App is up to date.
2026-09-05 22:44:18 Checking for update using Github
2026-09-05 22:44:32 Loaded updated app /home/wef/.config/obsidian/obsidian-1.13.7.asar
2026-09-05 22:44:33 Checking for update using Github
2026-09-05 22:44:33 Success.
2026-09-05 22:44:33 Latest version is 1.13.7
2026-09-05 22:44:33 App is up to date.
2026-09-06 10:50:36 Checking for update using Github
2026-09-06 10:50:36 Success.
2026-09-06 10:50:36 Latest version is 1.13.7
2026-09-06 10:50:36 App is up to date.
2026-09-06 11:50:38 Checking for update using Github
2026-09-06 11:50:38 Success.
2026-09-06 11:50:38 Latest version is 1.13.7
2026-09-06 11:50:38 App is up to date.
2026-09-06 15:46:33 Checking for update using Github
2026-09-06 15:46:33 Success.
2026-09-06 15:46:33 Latest version is 1.13.7
2026-09-06 15:46:33 App is up to date.
2026-09-06 19:34:36 Checking for update using Github
2026-09-06 19:34:36 Success.
2026-09-06 19:34:36 Latest version is 1.13.7
2026-09-06 19:34:36 App is up to date.
2026-09-10 16:08:50 Loaded updated app /home/wef/.config/obsidian/obsidian-1.13.7.asar
2026-09-10 16:08:50 Checking for update using Github
2026-09-10 16:08:51 Success.
2026-09-10 16:08:51 Latest version is 1.13.7
2026-09-10 16:08:51 App is up to date.
2026-09-10 17:08:50 Checking for update using Github
2026-09-10 17:08:50 Success.
2026-09-10 17:08:50 Latest version is 1.13.7
2026-09-10 17:08:50 App is up to date.
2026-09-10 18:08:50 Checking for update using Github
2026-09-10 18:08:50 Success.
2026-09-10 18:08:50 Latest version is 1.13.7
2026-09-10 18:08:50 App is up to date.
2026-09-10 19:08:50 Checking for update using Github
2026-09-10 19:08:50 Success.
2026-09-10 19:08:50 Latest version is 1.13.7
2026-09-10 19:08:50 App is up to date.
2026-09-10 20:15:11 Loaded updated app /home/wef/.config/obsidian/obsidian-1.13.7.asar
2026-09-10 20:15:11 Checking for update using Github
2026-09-10 20:15:11 Success.
2026-09-10 20:15:11 Latest version is 1.13.7
2026-09-10 20:15:11 App is up to date.
2026-09-11 11:50:32 Loaded updated app /home/wef/.config/obsidian/obsidian-1.13.7.asar
2026-09-11 11:50:32 Checking for update using Github
2026-09-11 11:50:32 Success.
2026-09-11 11:50:32 Latest version is 1.13.7
2026-09-11 11:50:32 App is up to date.
2026-09-12 21:47:14 Loaded updated app /home/wef/.config/obsidian/obsidian-1.13.7.asar
2026-09-12 21:47:14 Checking for update using Github
2026-09-12 21:47:14 Success.
2026-09-12 21:47:14 Latest version is 1.13.7
2026-09-12 21:47:14 App is up to date.
2026-09-16 15:30:07 Loaded updated app /home/wef/.config/obsidian/obsidian-1.13.7.asar
2026-09-16 15:30:07 Checking for update using Github
2026-09-16 15:30:07 Success.
2026-09-16 15:30:07 Latest version is 1.13.7
2026-09-16 15:30:07 App is up to date.
2026-09-16 16:30:08 Checking for update using Github
2026-09-16 16:30:08 Success.
2026-09-16 16:30:08 Latest version is 1.13.7
2026-09-16 16:30:08 App is up to date.
2026-09-16 19:18:06 Loaded updated app /home/wef/.config/obsidian/obsidian-1.13.7.asar
2026-09-16 19:18:06 Checking for update using Github
2026-09-16 19:18:07 Success.
2026-09-16 19:18:07 Latest version is 1.13.7
2026-09-16 19:18:07 App is up to date.
